[INFO] Scanning for projects...
[INFO] 
[INFO] -----------------< com.distribnet:distribnet-backend >------------------
[INFO] Building DistribuNet Backend 0.0.1-SNAPSHOT
[INFO] --------------------------------[ jar ]---------------------------------
[INFO] 
[INFO] --- maven-resources-plugin:3.3.1:resources (default-resources) @ distribnet-backend ---
[INFO] Copying 1 resource from src\main\resources to target\classes
[INFO] Copying 1 resource from src\main\resources to target\classes
[INFO] 
[INFO] --- maven-compiler-plugin:3.14.1:compile (default-compile) @ distribnet-backend ---
[INFO] Recompiling the module because of changed source code.
[INFO] Compiling 74 source files with javac [debug parameters release 17] to target\classes
[INFO] -------------------------------------------------------------
[ERROR] COMPILATION ERROR : 
[INFO] -------------------------------------------------------------
[ERROR] /E:/React Project/backend/src/main/java/com/distribnet/common/config/WebSecurityConfig.java:[17,53] cannot find symbol
  symbol:   class AntPathRequestMatcher
  location: package org.springframework.security.web.util.matcher
[INFO] 1 error
[INFO] -------------------------------------------------------------
[INFO] ------------------------------------------------------------------------
[INFO] BUILD FAILURE
[INFO] ------------------------------------------------------------------------
[INFO] Total time:  13.000 s
[INFO] Finished at: 2026-04-05T15:26:25+06:00
[INFO] ------------------------------------------------------------------------
[ERROR] Failed to execute goal org.apache.maven.plugins:maven-compiler-plugin:3.14.1:compile (default-compile) on project distribnet-backend: Compilation failure
[ERROR] /E:/React Project/backend/src/main/java/com/distribnet/common/config/WebSecurityConfig.java:[17,53] cannot find symbol
[ERROR]   symbol:   class AntPathRequestMatcher
[ERROR]   location: package org.springframework.security.web.util.matcher
[ERROR] 
[ERROR] -> [Help 1]
[ERROR] 
[ERROR] To see the full stack trace of the errors, re-run Maven with the -e switch.
[ERROR] Re-run Maven using the -X switch to enable full debug logging.
[ERROR] 
[ERROR] For more information about the errors and possible solutions, please read the following articles:
[ERROR] [Help 1] http://cwiki.apache.org/confluence/display/MAVEN/MojoFailureException
